Audit_MintPriceImprovement:test_MintExactMatch_ZeroImprovement() (gas: 652538)
Audit_MintPriceImprovement:test_MintLargeGap_LargeImprovement() (gas: 677028)
Audit_MintPriceImprovement:test_MintPriceImprovement_TakerGetsRefund() (gas: 677364)
Audit_MintPriceImprovement:test_MintVsComplementary_ConsistentImprovement() (gas: 1251032)
Audit_NEW_M01_DustHeadDoS:test_DustAt50Cents_NoLongerBlocks() (gas: 1176327)
Audit_NEW_M01_DustHeadDoS:test_DustHeadAt1Cent_NoLongerBlocksTakers() (gas: 1177940)
Audit_NEW_M01_DustHeadDoS:test_DustResidual_SweptToFeeRecipient() (gas: 1179568)
Audit_NEW_M01_DustHeadDoS:test_Sanity_MakerPath_AdvancesPastDust() (gas: 1325574)
Backlog_MergeImprovement:test_Backlog_FeeCollected_NotEmittedInMerge() (gas: 833064)
Backlog_MergeImprovement:test_Backlog_MergeFill_SolvencyInvariant(uint16,uint16,uint64) (runs: 256, μ: 831470, ~: 831482)
Backlog_MergeImprovement:test_Backlog_MergeFill_TakerGetsImprovement() (gas: 841062)
Backlog_MergeImprovement:test_Backlog_MergeFill_TakerLimitExactMatch() (gas: 827400)
Backlog_MergeImprovement:test_Backlog_PreviewMatchesExecute() (gas: 725369)
DustReproducerTest:test_DustReproducer_ShrunkSequence() (gas: 4901428)
DustReproducerTest:test_DustReproducer_UsdcDrift_ThreeCall() (gas: 961672)
DustReproducerTest:test_DustReproducer_UsdcDrift_ThreeCall_V2() (gas: 1188501)
E_01_MakerPathDustFilter:test_E_01_dustMatchSkippedPreservingLedger() (gas: 1059502)
E_01_MakerPathDustFilter:test_E_01_nonDustMatchStillFills() (gas: 709352)
E_02_FillMarketOrderNotTaker:test_E_02_legitimateSelfTakerStillWorks() (gas: 621067)
E_02_FillMarketOrderNotTaker:test_E_02_recipientMayDifferFromTaker() (gas: 626270)
E_02_FillMarketOrderNotTaker:test_Revert_E_02_attackerCannotDrainVictim() (gas: 591158)
GapC_PreviewExecuteParity:test_GapC_MatchMath_DustShortCircuit() (gas: 1745)
GapC_PreviewExecuteParity:test_GapC_NoSingleWeiDrift_BuyYes1USD() (gas: 706042)
GapC_PreviewExecuteParity:test_GapC_PreviewMatchesExecute_ComplementaryFill() (gas: 629842)
GapC_PreviewExecuteParity:test_GapC_PreviewMatchesExecute_SyntheticMerge() (gas: 769683)
GapC_PreviewExecuteParity:test_GapC_PreviewMatchesExecute_SyntheticMint() (gas: 555798)
PrediXExchangeBatchCancel:test_Revert_cancelOrders_EmptyArray() (gas: 11748)
PrediXExchangeBatchCancel:test_Revert_cancelOrders_TooLarge() (gas: 16227)
PrediXExchangeBatchCancel:test_cancelOrders_AllOwned() (gas: 1816173)
PrediXExchangeBatchCancel:test_cancelOrders_AlreadyCancelled() (gas: 666050)
PrediXExchangeBatchCancel:test_cancelOrders_DuringPause() (gas: 525905)
PrediXExchangeBatchCancel:test_cancelOrders_MixedOwnership() (gas: 1799911)
PrediXExchangeBuilder:test_fillMarketOrder_BuilderTracking() (gas: 676781)
PrediXExchangeBuilder:test_placeOrder_NoBuilder() (gas: 381121)
PrediXExchangeBuilder:test_placeOrder_WithBuilder() (gas: 398274)
PrediXExchangeDustTest:test_DustFilter_BuyComplementary_SkipsZeroUsdcFill() (gas: 628166)
PrediXExchangeDustTest:test_DustFilter_MakerPath_WellAlignedMintStillFills() (gas: 680123)
PrediXExchangeDustTest:test_DustFilter_SellComplementary_SkipsZeroUsdcFill() (gas: 870428)
PrediXExchangeDustTest:test_DustFilter_SyntheticMerge_SkipsZeroMakerShare() (gas: 668817)
PrediXExchangeDustTest:test_DustFilter_SyntheticMint_SkipsZeroMakerUsdc() (gas: 470939)
PrediXExchangeFlashAccounting:testFuzz_fillMarketOrder_MultiFill_Solvency(uint8,uint256) (runs: 256, μ: 1390423, ~: 1283780)
PrediXExchangeFlashAccounting:test_fillMarketOrder_MultiFill_Gas() (gas: 2656171)
PrediXExchangeFuzzTest:testFuzz_fillMarketOrder_refundExact(uint256,uint256,uint256) (runs: 256, μ: 629495, ~: 623988)
PrediXExchangeFuzzTest:testFuzz_placeOrder_depositMatchesPriceAmount(uint256,uint256) (runs: 256, μ: 379205, ~: 379244)
PrediXExchangeFuzzTest:testFuzz_previewMatchesFill_complementary(uint256,uint256,uint256) (runs: 256, μ: 650013, ~: 645948)
PrediXExchangeFuzzTest:testFuzz_previewMatchesFill_synthetic(uint256,uint256,uint256) (runs: 256, μ: 586818, ~: 583698)
PrediXExchangeInvariantTest:invariant_collateral_preserved() (runs: 256, calls: 128000, reverts: 0)
PrediXExchangeInvariantTest:invariant_solvency_no() (runs: 256, calls: 128000, reverts: 0)
PrediXExchangeInvariantTest:invariant_solvency_usdc() (runs: 256, calls: 128000, reverts: 0)
PrediXExchangeInvariantTest:invariant_solvency_yes() (runs: 256, calls: 128000, reverts: 0)
PrediXExchangeMakerTest:test_Bitmap_ClearedWhenLastOrderAtLevelCancelled() (gas: 343829)
PrediXExchangeMakerTest:test_CancelOrder_OrderCancelledEvent() (gas: 342965)
PrediXExchangeMakerTest:test_CancelOrder_OwnerAnytime() (gas: 347573)
PrediXExchangeMakerTest:test_CancelOrder_PermissionlessAfterExpiry() (gas: 351620)
PrediXExchangeMakerTest:test_CancelOrder_PermissionlessAfterResolution() (gas: 362768)
PrediXExchangeMakerTest:test_CancelOrder_PermissionlessDuringRefundMode() (gas: 362608)
PrediXExchangeMakerTest:test_PeekBest_IsO1_AfterCancellations() (gas: 1411248)
PrediXExchangeMakerTest:test_PlaceOrder_OrderPlacedEvent() (gas: 378386)
PrediXExchangeMakerTest:test_PlaceOrder_PhaseA_PriceImprovementRefund() (gas: 730831)
PrediXExchangeMakerTest:test_PlaceOrder_PhaseA_SelfMatchSkipped() (gas: 828289)
PrediXExchangeMakerTest:test_PlaceOrder_PhaseB_MergeTakerImprovement() (gas: 827346)
PrediXExchangeMakerTest:test_PlaceOrder_PhaseB_MintTakerImprovement() (gas: 681752)
PrediXExchangeMakerTest:test_PlaceOrder_Sell() (gas: 539279)
PrediXExchangeMakerTest:test_PlaceOrder_Smoke_Buy() (gas: 380820)
PrediXExchangeMakerTest:test_Revert_CancelOrder_AlreadyCancelled() (gas: 343509)
PrediXExchangeMakerTest:test_Revert_CancelOrder_FullyFilled() (gas: 623004)
PrediXExchangeMakerTest:test_Revert_CancelOrder_NonOwnerOnActiveMarket() (gas: 385913)
PrediXExchangeMakerTest:test_Revert_CancelOrder_OrderNotFound() (gas: 14485)
PrediXExchangeMakerTest:test_Revert_PlaceOrder_AmountExceedsUint128() (gas: 14511)
PrediXExchangeMakerTest:test_Revert_PlaceOrder_InvalidAmount_BelowMin() (gas: 14736)
PrediXExchangeMakerTest:test_Revert_PlaceOrder_InvalidAmount_Zero() (gas: 14735)
PrediXExchangeMakerTest:test_Revert_PlaceOrder_InvalidPrice_AtPrecision() (gas: 14809)
PrediXExchangeMakerTest:test_Revert_PlaceOrder_InvalidPrice_NotTickAligned() (gas: 14179)
PrediXExchangeMakerTest:test_Revert_PlaceOrder_InvalidPrice_Zero() (gas: 14654)
PrediXExchangeMakerTest:test_Revert_PlaceOrder_MarketExpired() (gas: 132817)
PrediXExchangeMakerTest:test_Revert_PlaceOrder_MarketNotFound() (gas: 47312)
PrediXExchangeMakerTest:test_Revert_PlaceOrder_MarketRefundMode() (gas: 149667)
PrediXExchangeMakerTest:test_Revert_PlaceOrder_MarketResolved() (gas: 149350)
PrediXExchangeMakerTest:test_Revert_PlaceOrder_MaxOrdersExceeded() (gas: 8337498)
PrediXExchangeMakerTest:test_UserOrderCount_DecrementsOnFullFill() (gas: 8901711)
PrediXExchangePauseTest:test_CancelOrder_WhilePaused_Allowed() (gas: 383558)
PrediXExchangePauseTest:test_FillMarketOrder_WhilePaused_Allowed() (gas: 660400)
PrediXExchangePauseTest:test_Pause_AfterRoleRevoked_Fails() (gas: 57308)
PrediXExchangePauseTest:test_Pause_ByDiamondPauser() (gas: 66302)
PrediXExchangePauseTest:test_Revert_Initialize_AlreadyInitialized() (gas: 4316333)
PrediXExchangePauseTest:test_Revert_Initialize_ZeroDiamond() (gas: 4218142)
PrediXExchangePauseTest:test_Revert_Initialize_ZeroFeeRecipient() (gas: 4218291)
PrediXExchangePauseTest:test_Revert_Initialize_ZeroUsdc() (gas: 4218014)
PrediXExchangePauseTest:test_Revert_Pause_NotPauser() (gas: 19556)
PrediXExchangePauseTest:test_Revert_PlaceOrder_WhenPaused() (gas: 147386)
PrediXExchangePauseTest:test_Revert_Unpause_NotPauser() (gas: 72534)
PrediXExchangePauseTest:test_Unpause_ByDiamondPauser() (gas: 51919)
PrediXExchangePreviewTest:test_Revert_preview_marketResolved() (gas: 565418)
PrediXExchangePreviewTest:test_preview_empty_clob() (gas: 52612)
PrediXExchangePreviewTest:test_preview_matches_actualFill_complementary() (gas: 643218)
PrediXExchangePreviewTest:test_preview_matches_actualFill_merge() (gas: 723385)
PrediXExchangePreviewTest:test_preview_matches_actualFill_mint() (gas: 582315)
PrediXExchangePreviewTest:test_preview_no_events_emitted() (gas: 566803)
PrediXExchangePreviewTest:test_preview_no_state_mutation() (gas: 583958)
PrediXExchangePreviewTest:test_preview_virtualConsumptionTracking_multiLevel() (gas: 971906)
PrediXExchangePreviewTest:test_preview_zeroAmountInReturnsZero() (gas: 6161)
PrediXExchangeProxyAdmin:test_Revert_acceptAdmin_NotPending() (gas: 66107)
PrediXExchangeProxyAdmin:test_Revert_acceptAdmin_TooEarly() (gas: 64634)
PrediXExchangeProxyAdmin:test_Revert_cancelAdminChange_NoPending() (gas: 15806)
PrediXExchangeProxyAdmin:test_Revert_cancelUpgrade_NoPending() (gas: 15762)
PrediXExchangeProxyAdmin:test_Revert_changeAdmin_AlreadyPending() (gas: 65274)
PrediXExchangeProxyAdmin:test_Revert_changeAdmin_NotAdmin() (gas: 15982)
PrediXExchangeProxyAdmin:test_Revert_changeAdmin_ZeroAddress() (gas: 15966)
PrediXExchangeProxyAdmin:test_Revert_constructor_ImplNotContract() (gas: 49432)
PrediXExchangeProxyAdmin:test_Revert_constructor_ZeroAdmin() (gas: 44952)
PrediXExchangeProxyAdmin:test_Revert_constructor_ZeroImpl() (gas: 45332)
PrediXExchangeProxyAdmin:test_Revert_executeUpgrade_NoPending() (gas: 15724)
PrediXExchangeProxyAdmin:test_Revert_executeUpgrade_TooEarly() (gas: 4269846)
PrediXExchangeProxyAdmin:test_Revert_fallback_RejectsETH() (gas: 20573)
PrediXExchangeProxyAdmin:test_Revert_proposeUpgrade_AlreadyPending() (gas: 4268811)
PrediXExchangeProxyAdmin:test_Revert_proposeUpgrade_NotAdmin() (gas: 16111)
PrediXExchangeProxyAdmin:test_Revert_proposeUpgrade_NotContract() (gas: 20518)
PrediXExchangeProxyAdmin:test_Revert_proposeUpgrade_ZeroAddress() (gas: 16315)
PrediXExchangeProxyAdmin:test_cancelAdminChange() (gas: 48936)
PrediXExchangeProxyAdmin:test_cancelUpgrade() (gas: 4237081)
PrediXExchangeProxyAdmin:test_changeAdmin_TwoStep() (gas: 54406)
PrediXExchangeProxyAdmin:test_constructor_SetsImplAndAdmin() (gas: 15684)
PrediXExchangeProxyAdmin:test_executeUpgrade_AfterDelay() (gas: 4238227)
PrediXExchangeProxyAdmin:test_fallback_DelegatesToImpl() (gas: 21132)
PrediXExchangeProxyAdmin:test_proposeUpgrade_SetsReadyAt() (gas: 4267975)
PrediXExchangeTakerTest:test_Revert_fillMarketOrder_deadlineExpired() (gas: 592625)
PrediXExchangeTakerTest:test_Revert_fillMarketOrder_marketExpired() (gas: 601736)
PrediXExchangeTakerTest:test_Revert_fillMarketOrder_marketNotFound() (gas: 122326)
PrediXExchangeTakerTest:test_Revert_fillMarketOrder_marketPaused_diamondModule() (gas: 620333)
PrediXExchangeTakerTest:test_Revert_fillMarketOrder_marketRefundMode() (gas: 619148)
PrediXExchangeTakerTest:test_Revert_fillMarketOrder_marketResolved() (gas: 619601)
PrediXExchangeTakerTest:test_Revert_fillMarketOrder_takerNotApproved() (gas: 580354)
PrediXExchangeTakerTest:test_Revert_fillMarketOrder_zeroRecipient() (gas: 11966)
PrediXExchangeTakerTest:test_Revert_fillMarketOrder_zeroTaker() (gas: 11554)
PrediXExchangeTakerTest:test_fillMarketOrder_complementaryOnly() (gas: 623668)
PrediXExchangeTakerTest:test_fillMarketOrder_empty_clob() (gas: 154045)
PrediXExchangeTakerTest:test_fillMarketOrder_limitPriceRespected_buy() (gas: 623027)
PrediXExchangeTakerTest:test_fillMarketOrder_limitPriceRespected_sell() (gas: 624167)
PrediXExchangeTakerTest:test_fillMarketOrder_maxFills_bounded() (gas: 1804879)
PrediXExchangeTakerTest:test_fillMarketOrder_maxFills_zero_uses_default() (gas: 4048136)
PrediXExchangeTakerTest:test_fillMarketOrder_mixedWaterfall() (gas: 903082)
PrediXExchangeTakerTest:test_fillMarketOrder_multiLevelWaterfall() (gas: 1258403)
PrediXExchangeTakerTest:test_fillMarketOrder_orderMatched_event_per_fill() (gas: 624349)
PrediXExchangeTakerTest:test_fillMarketOrder_recipientDifferentFromTaker() (gas: 626671)
PrediXExchangeTakerTest:test_fillMarketOrder_refunds_unused() (gas: 622952)
PrediXExchangeTakerTest:test_fillMarketOrder_selfMatchComplementary_SkipsSilently() (gas: 619734)
PrediXExchangeTakerTest:test_fillMarketOrder_selfMatchSynthetic_SkipsSilently() (gas: 427855)
PrediXExchangeTakerTest:test_fillMarketOrder_stopsWhenBudgetExhausted() (gas: 653815)
PrediXExchangeTakerTest:test_fillMarketOrder_syntheticCollateralInvariant() (gas: 566460)
PrediXExchangeTakerTest:test_fillMarketOrder_syntheticMergeOnly() (gas: 718172)
PrediXExchangeTakerTest:test_fillMarketOrder_syntheticMintOnly() (gas: 571912)
PrediXExchangeTakerTest:test_fillMarketOrder_takerFilledEventEmitted() (gas: 623850)
PrediXExchangeTakerTest:test_fillMarketOrder_tieBreaker_prefersComplementary() (gas: 863875)
PrediXExchangeTakerTest:test_fillMarketOrder_zeroAmountInReturnsZero() (gas: 9084)
PreviewExecuteParityTest:testFuzz_PreviewMatchesExecute(uint8,uint256,uint8) (runs: 1024, μ: 416031, ~: 405220)