A10Repro:test_A10_PostRotationCannotReRegister() (gas: 154725)
A14Repro:test_A14_BoundaryAbove30DaysRejected() (gas: 15859)
A14Repro:test_A14_BoundaryAt30DaysAccepted() (gas: 62644)
A14Repro:test_A14_NearMaxRejected_AtPropose() (gas: 15992)
A14Repro:test_A14_PostExecuteAt30Days_ProposeUpgradeStillWorks() (gas: 2215314)
Audit_M03_AdminRotationNoTimelock:test_AcceptAdmin_AfterDelay_Succeeds() (gas: 52388)
Audit_M03_AdminRotationNoTimelock:test_AdminRotationDelay_MirrorsOtherFlows() (gas: 9534)
Audit_M03_AdminRotationNoTimelock:test_CancelAdminRotation_RecoversInWindow() (gas: 52262)
Audit_M03_AdminRotationNoTimelock:test_PendingAdminRotation_View() (gas: 65815)
Audit_M03_AdminRotationNoTimelock:test_Revert_AcceptAdmin_BeforeDelay() (gas: 65718)
Audit_M03_AdminRotationNoTimelock:test_Revert_CancelAdminRotation_NoPending() (gas: 16227)
Audit_M03_AdminRotationNoTimelock:test_Revert_SetAdmin_WhilePending_RejectsOverwrite() (gas: 65527)
FXX02_SetDiamond2Step:test_FXX02_CancelDiamondRotation_ClearsState() (gas: 921975)
FXX02_SetDiamond2Step:test_FXX02_ExecuteDiamondRotation_AfterDelay_Success() (gas: 462943)
FXX02_SetDiamond2Step:test_FXX02_ExecuteDiamondRotation_BeforeDelay_Reverts() (gas: 487344)
FXX02_SetDiamond2Step:test_FXX02_NoPendingDiamond_ExecuteReverts() (gas: 23268)
FXX02_SetDiamond2Step:test_FXX02_OnlyAdmin_CanPropose() (gas: 446167)
FXX02_SetDiamond2Step:test_FXX02_PostRotation_BindingsCleared_ViaUnregisterFlow() (gas: 631322)
FXX02_SetDiamond2Step:test_FXX02_ProposeDiamond_EmitsEvent() (gas: 494710)
FXX02_SetDiamond2Step:test_FXX02_ZeroAddress_Reverts() (gas: 16502)
Fin03_ProposeRouterNoReset:test_Fin03_CancelThenRepropose_Success() (gas: 71652)
Fin03_ProposeRouterNoReset:test_Fin03_ExecuteFirstThenPropose_Success() (gas: 90996)
Fin03_ProposeRouterNoReset:test_Fin03_ReproposeWhilePending_Reverts() (gas: 69478)
FinalH06Test:test_BeforeSwap_TrustedRouterWithCommit_Allowed() (gas: 126384)
FinalH06Test:test_Revert_BeforeSwap_TrustedRouterWithoutCommitIsHardRejected() (gas: 97450)
FinalH06Test:test_Revert_BeforeSwap_UntrustedCallerIsHardRejected() (gas: 66828)
FinalH09Test:test_AcceptAdmin_ClearsPending_PreventsReplay() (gas: 53122)
FinalH09Test:test_AcceptAdmin_HappyPath_RotatesAdmin() (gas: 55111)
FinalH09Test:test_Revert_AcceptAdmin_NotPending() (gas: 65446)
FinalH09Test:test_Revert_AcceptAdmin_NothingPending() (gas: 10814)
FinalH09Test:test_SetAdmin_EmitsChangeProposed() (gas: 63449)
FinalH09Test:test_SetAdmin_OnlyProposes_AdminUnchangedUntilAccept() (gas: 63598)
FinalH11Test:test_BeforeInitialize_HighEdge_Allowed() (gas: 63881)
FinalH11Test:test_BeforeInitialize_LowEdge_Allowed() (gas: 63771)
FinalH11Test:test_BeforeInitialize_Midpoint_YesIs0_Allowed() (gas: 63991)
FinalH11Test:test_BeforeInitialize_Midpoint_YesIs1_Allowed() (gas: 64147)
FinalH11Test:test_Revert_BeforeInitialize_AboveWindow_YesIs0() (gas: 66743)
FinalH11Test:test_Revert_BeforeInitialize_AboveWindow_YesIs1() (gas: 66951)
FinalH11Test:test_Revert_BeforeInitialize_BelowWindow_YesIs0() (gas: 66697)
FinalH11Test:test_Revert_BeforeInitialize_BelowWindow_YesIs1() (gas: 67261)
FinalH11Test:test_Revert_BeforeInitialize_ZeroSqrtPrice() (gas: 54304)
H01_UnregisterMarketPool:test_H01_Cancel_ClearsPending_AllowsRePropose() (gas: 53358)
H01_UnregisterMarketPool:test_H01_Execute_BeforeDelay_Reverts() (gas: 43072)
H01_UnregisterMarketPool:test_H01_Execute_ClearsBindings_AllowsReRegister() (gas: 187920)
H01_UnregisterMarketPool:test_H01_Execute_NoPending_Reverts() (gas: 22789)
H01_UnregisterMarketPool:test_H01_OnlyAdmin_OnAllMutators() (gas: 23027)
H01_UnregisterMarketPool:test_H01_Propose_EmitsAndStoresReadyAt() (gas: 43671)
H01_UnregisterMarketPool:test_H01_Propose_NonExistentMarket_Reverts() (gas: 18182)
H01_UnregisterMarketPool:test_L04_ExecuteDiamondRotation_ReChecksCode() (gas: 487534)
H01_UnregisterMarketPool:test_L04_ProposeDiamond_EOATarget_Reverts() (gas: 20892)
H_H01_HookRefundModeGuard:test_H_H01_activeMarketStillPermitsSwap() (gas: 90316)
H_H01_HookRefundModeGuard:test_H_H01_removeLiquidityStillAllowedInRefundMode() (gas: 78545)
H_H01_HookRefundModeGuard:test_Revert_H_H01_addLiquidityRevertsInRefundMode() (gas: 90808)
H_H01_HookRefundModeGuard:test_Revert_H_H01_donateRevertsInRefundMode() (gas: 90959)
H_H01_HookRefundModeGuard:test_Revert_H_H01_swapRevertsInRefundMode() (gas: 99453)
H_H02_TrustedRouterTimelock:test_H_H02_bootstrapDefaultsFalse() (gas: 7943)
H_H02_TrustedRouterTimelock:test_H_H02_cancelClearsPending() (gas: 71824)
H_H02_TrustedRouterTimelock:test_H_H02_completeBootstrapLocksSetter() (gas: 72007)
H_H02_TrustedRouterTimelock:test_H_H02_executeAfterDelayApplies() (gas: 89053)
H_H02_TrustedRouterTimelock:test_H_H02_proposalCanFlipBothDirections() (gas: 77003)
H_H02_TrustedRouterTimelock:test_H_H02_proposeStoresPendingState() (gas: 89792)
H_H02_TrustedRouterTimelock:test_H_H02_setTrustedRouterWorksDuringBootstrap() (gas: 43313)
H_H02_TrustedRouterTimelock:test_Revert_H_H02_cancelWithoutProposalReverts() (gas: 43559)
H_H02_TrustedRouterTimelock:test_Revert_H_H02_completeBootstrapIsOneShot() (gas: 39819)
H_H02_TrustedRouterTimelock:test_Revert_H_H02_executeBeforeDelayReverts() (gas: 92945)
H_H02_TrustedRouterTimelock:test_Revert_H_H02_executeWithoutProposalReverts() (gas: 43463)
H_H02_TrustedRouterTimelock:test_Revert_H_H02_proposeBeforeBootstrapReverts() (gas: 17830)
M01_AlreadyPendingGuards:test_M01_AllFiveProposeFlowsHaveGuards() (gas: 1070)
M01_AlreadyPendingGuards:test_M01_ProposeDiamond_CancelThenRePropose_Succeeds() (gas: 915172)
M01_AlreadyPendingGuards:test_M01_ProposeDiamond_RePropose_Reverts() (gas: 906992)
M01_AlreadyPendingGuards:test_M01_ProposeTimelockDuration_CancelThenRePropose_Succeeds() (gas: 83448)
M01_AlreadyPendingGuards:test_M01_ProposeTimelockDuration_RePropose_Reverts() (gas: 63909)
M01_AlreadyPendingGuards:test_M01_ProposeUnregister_RePropose_Reverts() (gas: 215996)
M01_AlreadyPendingGuards:test_M01_ProposeUpgrade_CancelThenRePropose_Succeeds() (gas: 4341468)
M01_AlreadyPendingGuards:test_M01_ProposeUpgrade_RePropose_Reverts() (gas: 4335677)
M02_StaleBindingDetection:test_M02_AfterUnregisterAndReRegister_NoStaleRevert() (gas: 222760)
M02_StaleBindingDetection:test_M02_BeforeAddLiquidity_StaleBinding_Reverts() (gas: 149011)
M02_StaleBindingDetection:test_M02_BeforeDonate_StaleBinding_Reverts() (gas: 149385)
M02_StaleBindingDetection:test_M02_BeforeSwap_StaleBinding_Reverts() (gas: 152973)
M02_StaleBindingDetection:test_M02_HappyPath_MatchingYesToken_StillWorks() (gas: 156239)
MNew01_BeforeDonateEndTime:test_MNew01_DonateAfterEndTime_Reverts() (gas: 60716)
MNew01_BeforeDonateEndTime:test_MNew01_DonateBeforeEndTime_Success() (gas: 60282)
MNew01_BeforeDonateEndTime:test_MNew01_DonateConsistencyWithAddLiquidity() (gas: 104730)
NEW_M6_CommitIdentitySelfCheck:test_NEW_M6_quoterIsImmutable() (gas: 8731)
NEW_M6_CommitIdentitySelfCheck:test_NEW_M6_quoterPreCommitAllowed() (gas: 22357)
NEW_M6_CommitIdentitySelfCheck:test_NEW_M6_selfCommitAllowed() (gas: 18214)
NEW_M6_CommitIdentitySelfCheck:test_Revert_NEW_M6_crossRouterCommitBlocked() (gas: 20618)
NEW_M6_CommitIdentitySelfCheck:test_Revert_NEW_M6_nonTrustedCallerStillRejected() (gas: 15446)
NewM4_CanonicalPoolKey:test_NewM4_ConstructorRejectsZeroFee() (gas: 38886)
NewM4_CanonicalPoolKey:test_NewM4_ConstructorRejectsZeroTickSpacing() (gas: 38858)
NewM4_CanonicalPoolKey:test_NewM4_GriefAttack_Blocked() (gas: 131745)
NewM4_CanonicalPoolKey:test_NewM4_RegisterWithCanonicalKey_Success() (gas: 119060)
NewM4_CanonicalPoolKey:test_NewM4_RegisterWithNonCanonicalFee_Reverts() (gas: 21695)
NewM4_CanonicalPoolKey:test_NewM4_RegisterWithNonCanonicalTickSpacing_Reverts() (gas: 21524)
NewM4_CanonicalPoolKey:test_NewM4_RegisterWithWrongHook_Reverts() (gas: 23349)
PrediXHookProxyV2Test:test_CancelUpgrade_ClearsPending() (gas: 2162955)
PrediXHookProxyV2Test:test_ChangeProxyAdmin_TwoStep() (gas: 54984)
PrediXHookProxyV2Test:test_Constructor_AtomicInit_PopulatesImplState() (gas: 29638)
PrediXHookProxyV2Test:test_Constructor_BindsImplementationAndAdmin() (gas: 27252)
PrediXHookProxyV2Test:test_ExecuteUpgrade_AfterTimelockSucceeds() (gas: 2170417)
PrediXHookProxyV2Test:test_Fallback_BubblesRevert() (gas: 16175)
PrediXHookProxyV2Test:test_Fallback_DelegatesAdminCalls() (gas: 27255)
PrediXHookProxyV2Test:test_ProposeUpgrade_StoresPendingAndReadyAt() (gas: 2199745)
PrediXHookProxyV2Test:test_Revert_AcceptProxyAdmin_WrongCaller() (gas: 65823)
PrediXHookProxyV2Test:test_Revert_CancelUpgrade_NoPending() (gas: 15848)
PrediXHookProxyV2Test:test_Revert_ChangeProxyAdmin_NotAdmin() (gas: 13615)
PrediXHookProxyV2Test:test_Revert_ChangeProxyAdmin_Zero() (gas: 16474)
PrediXHookProxyV2Test:test_Revert_Constructor_ImplNotAContract() (gas: 33190376)
PrediXHookProxyV2Test:test_Revert_Constructor_InitProxyArgsCaughtBeforeDelegate() (gas: 1617955)
PrediXHookProxyV2Test:test_Revert_Constructor_InitRevertBubbles() (gas: 233029601)
PrediXHookProxyV2Test:test_Revert_Constructor_ZeroImpl() (gas: 14440928)
PrediXHookProxyV2Test:test_Revert_ExecuteUpgrade_AfterCancel() (gas: 2164683)
PrediXHookProxyV2Test:test_Revert_ExecuteUpgrade_NoPending() (gas: 16008)
PrediXHookProxyV2Test:test_Revert_ExecuteUpgrade_TooEarly() (gas: 2200248)
PrediXHookProxyV2Test:test_Revert_ProposeUpgrade_NotAContract() (gas: 20906)
PrediXHookProxyV2Test:test_Revert_ProposeUpgrade_NotAdmin() (gas: 2147750)
PrediXHookProxyV2Test:test_Revert_ProposeUpgrade_ZeroAddress() (gas: 16747)
PrediXHookProxyV2Test:test_Revert_Reinitialize_FrontRunBlocked() (gas: 21335)
PrediXHookProxyV2Test:test_Revert_RejectsEthViaFallback() (gas: 15539)
PrediXHookV2Test:testFuzz_AfterSwap_VolumeSymmetry_YesIsCurrency0(int128,int128) (runs: 256, μ: 48393, ~: 48336)
PrediXHookV2Test:testFuzz_DynamicFee_Monotonic(uint256) (runs: 256, μ: 98101, ~: 98161)
PrediXHookV2Test:testFuzz_PriceClamp_NeverExceedsUnit(uint160) (runs: 256, μ: 46714, ~: 46704)
PrediXHookV2Test:test_AfterSwap_EmitsMarketTraded_YesIsCurrency0() (gas: 45425)
PrediXHookV2Test:test_AfterSwap_NoReferralEvent_WhenReferrerIsTrader() (gas: 46022)
PrediXHookV2Test:test_AfterSwap_NoReferralEvent_WhenReferrerIsZero() (gas: 46139)
PrediXHookV2Test:test_AfterSwap_ReferralEvent_OnlyWhenNonZero() (gas: 50339)
PrediXHookV2Test:test_AfterSwap_Slippage_NoCheck_MaxIsZero() (gas: 42698)
PrediXHookV2Test:test_AfterSwap_Slippage_NoCheck_WhenHookDataShort() (gas: 42862)
PrediXHookV2Test:test_AfterSwap_Slippage_PassesWhenWithinTolerance() (gas: 44298)
PrediXHookV2Test:test_AfterSwap_Slippage_RevertsWhenOneForZeroPriceTooHigh() (gas: 39551)
PrediXHookV2Test:test_AfterSwap_Slippage_RevertsWhenZeroForOnePriceTooLow() (gas: 40253)
PrediXHookV2Test:test_AfterSwap_VolumeOrientation_YesIsCurrency1() (gas: 45352)
PrediXHookV2Test:test_AntiSandwich_OppositeDirectionDifferentBlock_Allowed() (gas: 113760)
PrediXHookV2Test:test_AntiSandwich_RouterCommittedIdentity_DetectsSandwich() (gas: 145482)
PrediXHookV2Test:test_AntiSandwich_SameDirectionSameBlock_Allowed() (gas: 107408)
PrediXHookV2Test:test_BeforeAddLiquidity_HappyPath() (gas: 60136)
PrediXHookV2Test:test_BeforeDonate_HappyPath() (gas: 54725)
PrediXHookV2Test:test_BeforeInitialize_HappyPath() (gas: 52427)
PrediXHookV2Test:test_BeforeRemoveLiquidity_AllowsExpired() (gas: 30610)
PrediXHookV2Test:test_BeforeRemoveLiquidity_AllowsPaused() (gas: 40051)
PrediXHookV2Test:test_BeforeRemoveLiquidity_AllowsResolved() (gas: 85358)
PrediXHookV2Test:test_BeforeRemoveLiquidity_Paused_StillAllowed_ViaExternal() (gas: 39445)
PrediXHookV2Test:test_BeforeSwap_HappyPath_ReturnsDynamicFee() (gas: 95410)
PrediXHookV2Test:test_CommitSwapIdentity_HappyPath() (gas: 53496)
PrediXHookV2Test:test_CommitSwapIdentity_TransientIsolatedPerRouterPool() (gas: 56074)
PrediXHookV2Test:test_DynamicFee_Tier_Between1And3Days() (gas: 97592)
PrediXHookV2Test:test_DynamicFee_Tier_Between3And7Days() (gas: 96708)
PrediXHookV2Test:test_DynamicFee_Tier_GreaterThan7Days() (gas: 94824)
PrediXHookV2Test:test_DynamicFee_Tier_LessThan1Day() (gas: 96799)
PrediXHookV2Test:test_Initialize_HappyPath_SetsState() (gas: 24810)
PrediXHookV2Test:test_RegisterMarketPool_PermissionlessFromAnyAddress() (gas: 194667)
PrediXHookV2Test:test_RegisterMarketPool_PermissionlessFromRouter() (gas: 192852)
PrediXHookV2Test:test_RegisterMarketPool_YesCurrency0() (gas: 12015)
PrediXHookV2Test:test_RegisterMarketPool_YesCurrency1() (gas: 10480)
PrediXHookV2Test:test_Revert_AntiSandwich_OppositeDirectionSameBlock() (gas: 112191)
PrediXHookV2Test:test_Revert_AntiSandwich_RouterNoCommit_HardRejected() (gas: 97685)
PrediXHookV2Test:test_Revert_BeforeAddLiquidity_Expired() (gas: 65789)
PrediXHookV2Test:test_Revert_BeforeAddLiquidity_Paused_ViaExternal() (gas: 37078)
PrediXHookV2Test:test_Revert_BeforeAddLiquidity_PoolNotRegistered() (gas: 27985)
PrediXHookV2Test:test_Revert_BeforeAddLiquidity_Resolved() (gas: 96526)
PrediXHookV2Test:test_Revert_BeforeDonate_Paused_ViaExternal() (gas: 30909)
PrediXHookV2Test:test_Revert_BeforeDonate_Resolved() (gas: 90860)
PrediXHookV2Test:test_Revert_BeforeInitialize_NotDynamicFee() (gas: 16835)
PrediXHookV2Test:test_Revert_BeforeInitialize_PoolNotRegistered() (gas: 18649)
PrediXHookV2Test:test_Revert_BeforeRemoveLiquidity_PoolNotRegistered() (gas: 29139)
PrediXHookV2Test:test_Revert_BeforeSwap_Expired() (gas: 66890)
PrediXHookV2Test:test_Revert_BeforeSwap_Paused_ViaExternal() (gas: 37146)
PrediXHookV2Test:test_Revert_BeforeSwap_PoolNotRegistered() (gas: 29161)
PrediXHookV2Test:test_Revert_BeforeSwap_Resolved() (gas: 97005)
PrediXHookV2Test:test_Revert_CommitSwapIdentity_NotTrusted() (gas: 16990)
PrediXHookV2Test:test_Revert_CommitSwapIdentity_ZeroUser() (gas: 46900)
PrediXHookV2Test:test_Revert_External_NotPoolManager() (gas: 25337)
PrediXHookV2Test:test_Revert_InitializeImplementationDirectly() (gas: 2148419)
PrediXHookV2Test:test_Revert_Initialize_TwiceReverts() (gas: 18464)
PrediXHookV2Test:test_Revert_Initialize_ZeroAdmin() (gas: 2188847)
PrediXHookV2Test:test_Revert_Initialize_ZeroDiamond() (gas: 2188567)
PrediXHookV2Test:test_Revert_Initialize_ZeroQuote() (gas: 2189043)
PrediXHookV2Test:test_Revert_RegisterMarketPool_AlreadyRegistered() (gas: 24684)
PrediXHookV2Test:test_Revert_RegisterMarketPool_DuplicateMarket() (gas: 19603)
PrediXHookV2Test:test_Revert_RegisterMarketPool_InvalidCurrencies() (gas: 126995)
PrediXHookV2Test:test_Revert_RegisterMarketPool_UnknownMarket() (gas: 54549)
PrediXHookV2Test:test_Revert_SetPaused_NotAdmin() (gas: 11660)
PrediXHookV2Test:test_Revert_SetTrustedRouter_NotAdmin() (gas: 13732)
PrediXHookV2Test:test_Revert_SetTrustedRouter_Zero() (gas: 17594)
PrediXHookV2Test:test_SetAdmin_TwoStep_RotatesAdmin() (gas: 56414)
PrediXHookV2Test:test_SetPaused_TogglesFlag() (gas: 22024)
PrediXHookV2Test:test_SetTrustedRouter_TogglesFlag() (gas: 35636)
Spec04_TimelockSelfGated:test_FinalM06_ProposeAbove48h_Success() (gas: 62517)
Spec04_TimelockSelfGated:test_FinalM06_ProposeBelow48h_Reverts() (gas: 16313)
Spec04_TimelockSelfGated:test_FinalM06_ProposeExactly48h_StillReverts_BecauseMonotonic() (gas: 18421)
Spec04_TimelockSelfGated:test_Spec04_Cancel_ClearsState_AllowsRepropose() (gas: 84982)
Spec04_TimelockSelfGated:test_Spec04_ExecuteAfterDelay_Success() (gas: 52759)
Spec04_TimelockSelfGated:test_Spec04_ExecuteBeforeDelay_Reverts() (gas: 64683)
Spec04_TimelockSelfGated:test_Spec04_NoPendingExecute_Reverts() (gas: 22669)
Spec04_TimelockSelfGated:test_Spec04_OnlyAdmin_CanProposeExecuteCancel() (gas: 22639)
Spec04_TimelockSelfGated:test_Spec04_ProposeSelfGated_UsesCurrentTimelock() (gas: 63067)
Spec04_TimelockSelfGated:test_Spec04_SelfGated_UsesNewTimelockAfterRaise() (gas: 88223)
Spec04_TimelockSelfGated:test_Spec05_ProposeDurationAboveCurrent_Success() (gas: 63001)
Spec04_TimelockSelfGated:test_Spec05_ProposeDurationBelowCurrent_Reverts() (gas: 53076)
Spec04_TimelockSelfGated:test_Spec05_ProposeDurationEqualsCurrent_Reverts() (gas: 18311)