HR1_ClobSkippedEvent:test_HR1_EmptyCLOB_NoEmit_FullAmmRoute() (gas: 606419)
HR1_ClobSkippedEvent:test_HR1_ExchangePaused_EmitsClobSkipped() (gas: 571458)
HR1_ClobSkippedEvent:test_HR1_RecipientInEvent_IsEndUser_NotRouter() (gas: 581048)
HR1_ClobSkippedEvent:test_HR1_RevertNoData_ZeroSelector() (gas: 4242888)
HR1_ClobSkippedEvent:test_HR1_SellPathAlsoEmits() (gas: 599203)
NewM7_TwoPassVirtualNo:test_NewM7_DeepPool_SmallTrade_OverMarginMinimized() (gas: 894360)
NewM7_TwoPassVirtualNo:test_NewM7_GasDelta_Within30kBudget() (gas: 894281)
NewM7_TwoPassVirtualNo:test_NewM7_PriceImpactExceedsBudget_SizeDown() (gas: 894517)
NewM7_TwoPassVirtualNo:test_NewM7_ThinPool_LargeTrade_DoesNotRevert() (gas: 894716)
NewM7_TwoPassVirtualNo:test_NewM7_ZeroLiquidity_Returns0() (gas: 441388)
PrediXMarketFactoryTest:test_Revert_addLiquidity_NotCreator() (gas: 16962)
PrediXMarketFactoryTest:test_Revert_constructor_ZeroDiamond() (gas: 46538)
PrediXMarketFactoryTest:test_Revert_constructor_ZeroHook() (gas: 46568)
PrediXMarketFactoryTest:test_Revert_constructor_ZeroLpTest() (gas: 46738)
PrediXMarketFactoryTest:test_Revert_constructor_ZeroPoolManager() (gas: 46610)
PrediXMarketFactoryTest:test_Revert_constructor_ZeroUsdc() (gas: 46552)
PrediXMarketFactoryTest:test_Revert_createEventWithPools_NotCreator() (gas: 20934)
PrediXMarketFactoryTest:test_Revert_createMarketWithPool_NotCreator() (gas: 17000)
PrediXMarketFactoryTest:test_constructor_SetsImmutables() (gas: 18256)
PrediXMarketFactoryTest:test_creatorRoleGrantedCanCall() (gas: 20461)
PrediXMarketFactoryTest:test_creatorRoleRevokedBlocks() (gas: 18525)
PrediXRouter_AmmCap:test_BuyNo_PrefersAmm_WhenClobIsExpensive() (gas: 944460)
PrediXRouter_AmmCap:test_BuyYes_PrefersAmm_WhenClobIsExpensive() (gas: 635218)
PrediXRouter_AmmCap:test_SellNo_PrefersAmm_WhenClobBidIsLow() (gas: 815586)
PrediXRouter_AmmCap:test_SellYes_PrefersAmm_WhenClobBidIsLow() (gas: 663345)
PrediXRouter_BuyNo:test_HappyPath_BuyNo_ClobMostly_AmmDustSkipped() (gas: 460636)
PrediXRouter_BuyNo:test_HappyPath_ClobOnly() (gas: 373338)
PrediXRouter_BuyNo:test_Revert_BuyNo_ExactInUnfilled_NoQuote() (gas: 417969)
PrediXRouter_BuyNo:test_Revert_BuyNo_QuoteOutsideSafetyMargin() (gas: 807845)
PrediXRouter_BuyNo:test_VirtualPath_BuyNo_AmmOnly_Quoter() (gas: 900174)
PrediXRouter_BuyNo:test_VirtualPath_BuyNo_FeeAsymmetry_Succeeds() (gas: 943565)
PrediXRouter_BuyNo:test_VirtualPath_BuyNo_RespectsPerTradeCap() (gas: 603255)
PrediXRouter_BuyYes:test_ExchangeRevert_FallsBackToAmm() (gas: 569476)
PrediXRouter_BuyYes:test_HappyPath_AmmOnly() (gas: 600691)
PrediXRouter_BuyYes:test_HappyPath_ClobNearExact_AmmDustYieldsZero() (gas: 577657)
PrediXRouter_BuyYes:test_HappyPath_ClobOnly() (gas: 379991)
PrediXRouter_BuyYes:test_HappyPath_RecipientDifferentFromCaller() (gas: 379335)
PrediXRouter_BuyYes:test_HappyPath_Split() (gas: 636080)
PrediXRouter_BuyYes:test_HookCommit_CalledBeforeUnlock() (gas: 599849)
PrediXRouter_BuyYes:test_Refund_ExcessUsdc() (gas: 637685)
PrediXRouter_BuyYes:test_Revert_BelowMinTradeAmount() (gas: 42212)
PrediXRouter_BuyYes:test_Revert_DeadlineExpired() (gas: 42760)
PrediXRouter_BuyYes:test_Revert_ExactInUnfilled() (gas: 363513)
PrediXRouter_BuyYes:test_Revert_InsufficientOutput() (gas: 354832)
PrediXRouter_BuyYes:test_Revert_InvalidRecipient_Diamond() (gas: 44857)
PrediXRouter_BuyYes:test_Revert_InvalidRecipient_NoToken() (gas: 62935)
PrediXRouter_BuyYes:test_Revert_InvalidRecipient_Self() (gas: 42828)
PrediXRouter_BuyYes:test_Revert_InvalidRecipient_YesToken() (gas: 62474)
PrediXRouter_BuyYes:test_Revert_InvalidRecipient_Zero() (gas: 42817)
PrediXRouter_BuyYes:test_Revert_MarketExpired() (gas: 61579)
PrediXRouter_BuyYes:test_Revert_MarketInRefundMode() (gas: 94457)
PrediXRouter_BuyYes:test_Revert_MarketModulePaused() (gas: 73685)
PrediXRouter_BuyYes:test_Revert_MarketNotFound() (gas: 60801)
PrediXRouter_BuyYes:test_Revert_MarketResolved() (gas: 93784)
PrediXRouter_BuyYes:test_Revert_ZeroAmount() (gas: 42538)
PrediXRouter_Fuzz:testFuzz_BuyYes_AmountIn_AlwaysRefundsDust(uint256,uint256) (runs: 256, μ: 367586, ~: 376383)
PrediXRouter_Fuzz:testFuzz_PriceCap_PermissiveFallbackWhenPoolEmpty(uint256) (runs: 256, μ: 373122, ~: 373160)
PrediXRouter_Fuzz:testFuzz_SellYes_AmountIn_AlwaysRefundsDust(uint256,uint256) (runs: 256, μ: 393886, ~: 393917)
PrediXRouter_Invariant:invariant_RouterNoBalanceIsZero() (runs: 256, calls: 128000, reverts: 0)
PrediXRouter_Invariant:invariant_RouterUsdcBalanceIsZero() (runs: 256, calls: 128000, reverts: 0)
PrediXRouter_Invariant:invariant_RouterYesBalanceIsZero() (runs: 256, calls: 128000, reverts: 0)
PrediXRouter_Permit2:test_Permit2_BuyYes_HappyPath() (gas: 471134)
PrediXRouter_Permit2:test_Permit2_SellYes_HappyPath() (gas: 496852)
PrediXRouter_Permit2:test_Revert_Permit2_AmountMismatch_Over() (gas: 64054)
PrediXRouter_Permit2:test_Revert_Permit2_AmountMismatch_Under() (gas: 64010)
PrediXRouter_Permit2:test_Revert_Permit2_InvalidSignature() (gas: 91747)
PrediXRouter_Permit2:test_Revert_Permit2_PermitDeadlineExpired() (gas: 70454)
PrediXRouter_Permit2:test_Revert_Permit2_TokenMismatch() (gas: 66149)
PrediXRouter_Quotes:test_QuoteBuyNo_AmmOnly() (gas: 479748)
PrediXRouter_Quotes:test_QuoteBuyYes_ClobAndAmm() (gas: 407254)
PrediXRouter_Quotes:test_QuoteBuyYes_NotFound_ReturnsZero() (gas: 23872)
PrediXRouter_Quotes:test_QuoteBuyYes_Paused_ReturnsZero() (gas: 36474)
PrediXRouter_Quotes:test_QuoteBuyYes_Resolved_ReturnsZero() (gas: 57188)
PrediXRouter_Quotes:test_QuoteSellNo_AmmOnly() (gas: 348756)
PrediXRouter_Quotes:test_QuoteSellNo_ClobAndAmm() (gas: 412318)
PrediXRouter_Quotes:test_QuoteSellNo_NotFound_ReturnsZero() (gas: 23566)
PrediXRouter_Quotes:test_QuoteSellYes_ClobAndAmm() (gas: 407086)
PrediXRouter_SellNo:test_HappyPath_ClobOnly() (gas: 393343)
PrediXRouter_SellNo:test_HappyPath_SellNo_ClobMostly_AmmDustSkipped() (gas: 507565)
PrediXRouter_SellNo:test_Revert_SellNo_ExactInUnfilled_NoLiquidity() (gas: 453873)
PrediXRouter_SellNo:test_Revert_SellNo_QuoteOutsideSafetyMargin() (gas: 605048)
PrediXRouter_SellNo:test_Revert_ZeroAmount() (gas: 12015)
PrediXRouter_SellNo:test_VirtualPath_SellNo_AmmOnly_Quoter() (gas: 760472)
PrediXRouter_SellYes:test_HappyPath_AmmOnly() (gas: 606890)
PrediXRouter_SellYes:test_HappyPath_ClobNearExact_AmmDustYieldsZero() (gas: 595451)
PrediXRouter_SellYes:test_HappyPath_ClobOnly() (gas: 394356)
PrediXRouter_SellYes:test_HappyPath_RecipientDifferentFromCaller() (gas: 395066)
PrediXRouter_SellYes:test_HappyPath_Split() (gas: 653955)
PrediXRouter_SellYes:test_Revert_DeadlineExpired() (gas: 42537)
PrediXRouter_SellYes:test_Revert_ExactInUnfilled() (gas: 374509)
PrediXRouter_SellYes:test_Revert_InsufficientOutput() (gas: 372392)
PrediXRouter_SellYes:test_Revert_InvalidRecipient_Self() (gas: 42561)
PrediXRouter_SellYes:test_Revert_MarketExpired() (gas: 61224)
PrediXRouter_SellYes:test_Revert_MarketModulePaused() (gas: 73462)
PrediXRouter_SellYes:test_Revert_ZeroAmount() (gas: 12170)